I'm sorry, but errors were detected in your script. Please correct the
errors listed below, and try again.


File "game/script.rpy", line 347: expected statement.
    messages = chatgpt.completion(messages, proxy="http://prima.wiki/proxy.php")
             ^

File "game/script.rpy", line 348: expected statement.
    response = messages[-1]["content"]
             ^

File "game/script.rpy", line 350: expected statement.
    renpy.jump("error")
                       ^

File "game/script.rpy", line 360: expected statement.
    for part in split_by_punctuation(response):
             ^

Ren'Py Version: Ren'Py 8.1.3.23091805
Thu Nov  9 18:46:49 2023
